MPLINK 5.09, LINKER
Linker Map File - Created Fri Apr 19 19:09:46 2019

                                 Section Info
                  Section       Type    Address   Location Size(Bytes)
                ---------  ---------  ---------  ---------  ---------
                   .org_0       code   0x000000    program   0x000004
                   .cinit    romdata   0x000004    program   0x000002
                   .org_1       code   0x000008    program   0x000008
                   .org_2       code   0x000100    program   0x000066
.config_300001_BUILD/DEFAULT/DEBUG/STEPPER CONT    romdata   0x300001    program   0x000001
.config_300003_BUILD/DEFAULT/DEBUG/STEPPER CONT    romdata   0x300003    program   0x000001



                              Program Memory Usage 
                               Start         End      
                           ---------   ---------      
                            0x000000    0x000005      
                            0x000008    0x00000f      
                            0x000100    0x000165      
                            0x300001    0x300001      
                            0x300003    0x300003      
            118 out of 33048 program addresses used, program memory utilization is 0%



                              Symbols - Sorted by Name
                     Name    Address   Location    Storage File                     
                ---------  ---------  ---------  --------- ---------                
                     EXIT   0x000146    program     static D:\MPLAB Project\prog4\PROG5_PORT.X\STEPPER CONTROL 2.0.asm
                    EXIT0   0x000138    program     static D:\MPLAB Project\prog4\PROG5_PORT.X\STEPPER CONTROL 2.0.asm
                       L1   0x000140    program     static D:\MPLAB Project\prog4\PROG5_PORT.X\STEPPER CONTROL 2.0.asm
                       L2   0x000132    program     static D:\MPLAB Project\prog4\PROG5_PORT.X\STEPPER CONTROL 2.0.asm
                     LOOP   0x00012e    program     static D:\MPLAB Project\prog4\PROG5_PORT.X\STEPPER CONTROL 2.0.asm
                     MAIN   0x000100    program     static D:\MPLAB Project\prog4\PROG5_PORT.X\STEPPER CONTROL 2.0.asm
                   RB_ISR   0x00014e    program     static D:\MPLAB Project\prog4\PROG5_PORT.X\STEPPER CONTROL 2.0.asm
                   ROTATE   0x00012a    program     static D:\MPLAB Project\prog4\PROG5_PORT.X\STEPPER CONTROL 2.0.asm
                 TMR_CONF   0x000118    program     static D:\MPLAB Project\prog4\PROG5_PORT.X\STEPPER CONTROL 2.0.asm



                              Symbols - Sorted by Address
                     Name    Address   Location    Storage File                     
                ---------  ---------  ---------  --------- ---------                
                     MAIN   0x000100    program     static D:\MPLAB Project\prog4\PROG5_PORT.X\STEPPER CONTROL 2.0.asm
                 TMR_CONF   0x000118    program     static D:\MPLAB Project\prog4\PROG5_PORT.X\STEPPER CONTROL 2.0.asm
                   ROTATE   0x00012a    program     static D:\MPLAB Project\prog4\PROG5_PORT.X\STEPPER CONTROL 2.0.asm
                     LOOP   0x00012e    program     static D:\MPLAB Project\prog4\PROG5_PORT.X\STEPPER CONTROL 2.0.asm
                       L2   0x000132    program     static D:\MPLAB Project\prog4\PROG5_PORT.X\STEPPER CONTROL 2.0.asm
                    EXIT0   0x000138    program     static D:\MPLAB Project\prog4\PROG5_PORT.X\STEPPER CONTROL 2.0.asm
                       L1   0x000140    program     static D:\MPLAB Project\prog4\PROG5_PORT.X\STEPPER CONTROL 2.0.asm
                     EXIT   0x000146    program     static D:\MPLAB Project\prog4\PROG5_PORT.X\STEPPER CONTROL 2.0.asm
                   RB_ISR   0x00014e    program     static D:\MPLAB Project\prog4\PROG5_PORT.X\STEPPER CONTROL 2.0.asm


