MPLINK 5.09, LINKER
Linker Map File - Created Mon Apr 22 12:18:13 2019

                                 Section Info
                  Section       Type    Address   Location Size(Bytes)
                ---------  ---------  ---------  ---------  ---------
                   .org_0       code   0x000000    program   0x000004
                   .cinit    romdata   0x000004    program   0x000002
                   .org_1       code   0x000008    program   0x000008
                   .org_2       code   0x000100    program   0x0000a8
.config_300001_BUILD/DEFAULT/PRODUCTION/STEPPER    romdata   0x300001    program   0x000001
.config_300003_BUILD/DEFAULT/PRODUCTION/STEPPER    romdata   0x300003    program   0x000001



                              Program Memory Usage 
                               Start         End      
                           ---------   ---------      
                            0x000000    0x000005      
                            0x000008    0x00000f      
                            0x000100    0x0001a7      
                            0x300001    0x300001      
                            0x300003    0x300003      
            184 out of 33048 program addresses used, program memory utilization is 0%



                              Symbols - Sorted by Name
                     Name    Address   Location    Storage File                     
                ---------  ---------  ---------  --------- ---------                
                   CH_DIR   0x00016e    program     static D:\MPLAB Project\prog4\PROG5_PORT.X\STEPPER CONTROL 3.0.asm
                CH_SP_DEC   0x00018e    program     static D:\MPLAB Project\prog4\PROG5_PORT.X\STEPPER CONTROL 3.0.asm
                CH_SP_INC   0x000174    program     static D:\MPLAB Project\prog4\PROG5_PORT.X\STEPPER CONTROL 3.0.asm
                       L1   0x00014e    program     static D:\MPLAB Project\prog4\PROG5_PORT.X\STEPPER CONTROL 3.0.asm
                       L2   0x000142    program     static D:\MPLAB Project\prog4\PROG5_PORT.X\STEPPER CONTROL 3.0.asm
                     LOOP   0x00013e    program     static D:\MPLAB Project\prog4\PROG5_PORT.X\STEPPER CONTROL 3.0.asm
                     MAIN   0x000100    program     static D:\MPLAB Project\prog4\PROG5_PORT.X\STEPPER CONTROL 3.0.asm
                   RC_INT   0x00015a    program     static D:\MPLAB Project\prog4\PROG5_PORT.X\STEPPER CONTROL 3.0.asm
                   REPEAT   0x00011e    program     static D:\MPLAB Project\prog4\PROG5_PORT.X\STEPPER CONTROL 3.0.asm
                   ROTATE   0x00013a    program     static D:\MPLAB Project\prog4\PROG5_PORT.X\STEPPER CONTROL 3.0.asm
                 TMR_CONF   0x000128    program     static D:\MPLAB Project\prog4\PROG5_PORT.X\STEPPER CONTROL 3.0.asm



                              Symbols - Sorted by Address
                     Name    Address   Location    Storage File                     
                ---------  ---------  ---------  --------- ---------                
                     MAIN   0x000100    program     static D:\MPLAB Project\prog4\PROG5_PORT.X\STEPPER CONTROL 3.0.asm
                   REPEAT   0x00011e    program     static D:\MPLAB Project\prog4\PROG5_PORT.X\STEPPER CONTROL 3.0.asm
                 TMR_CONF   0x000128    program     static D:\MPLAB Project\prog4\PROG5_PORT.X\STEPPER CONTROL 3.0.asm
                   ROTATE   0x00013a    program     static D:\MPLAB Project\prog4\PROG5_PORT.X\STEPPER CONTROL 3.0.asm
                     LOOP   0x00013e    program     static D:\MPLAB Project\prog4\PROG5_PORT.X\STEPPER CONTROL 3.0.asm
                       L2   0x000142    program     static D:\MPLAB Project\prog4\PROG5_PORT.X\STEPPER CONTROL 3.0.asm
                       L1   0x00014e    program     static D:\MPLAB Project\prog4\PROG5_PORT.X\STEPPER CONTROL 3.0.asm
                   RC_INT   0x00015a    program     static D:\MPLAB Project\prog4\PROG5_PORT.X\STEPPER CONTROL 3.0.asm
                   CH_DIR   0x00016e    program     static D:\MPLAB Project\prog4\PROG5_PORT.X\STEPPER CONTROL 3.0.asm
                CH_SP_INC   0x000174    program     static D:\MPLAB Project\prog4\PROG5_PORT.X\STEPPER CONTROL 3.0.asm
                CH_SP_DEC   0x00018e    program     static D:\MPLAB Project\prog4\PROG5_PORT.X\STEPPER CONTROL 3.0.asm


